RCOMP-TITLE begin title=PPSA88360 program=rcomp_vk_probe_exp pid=106 log=/app0/rcomp_title.log
RCOMP-TITLE vk_profile=experimental
{
  "schema": "rcomp-vk-probe-v1",
  "target": "ps5",
  "evidence": "PS5 (PS5_Vulkan linked statically)",
  "headerVersion": {
    "raw": "0x404168",
    "decoded": "1.4.360"
  },
  "instanceVersion": {
    "vkEnumerateInstanceVersion": "VK_SUCCESS (0)",
    "source": "vkEnumerateInstanceVersion",
    "version": {
      "raw": "0x403000",
      "decoded": "1.3.0"
    }
  },
  "instanceLayerCount": 0,
  "vkEnumerateInstanceExtensionProperties": "VK_SUCCESS (0)",
  "instanceExtensions": [
    {
      "name": "VK_KHR_device_group_creation",
      "specVersion": 1
    },
    {
      "name": "VK_KHR_display",
      "specVersion": 23
    },
    {
      "name": "VK_KHR_get_physical_device_properties2",
      "specVersion": 2
    },
    {
      "name": "VK_KHR_surface",
      "specVersion": 25
    },
    {
      "name": "VK_EXT_debug_report",
      "specVersion": 10
    },
    {
      "name": "VK_EXT_debug_utils",
      "specVersion": 2
    }
  ],
  "instanceCreate": {
    "requestedApiVersion": {
      "raw": "0x403000",
      "decoded": "1.3.0"
    },
    "enabledExtensions": [
      "VK_KHR_surface",
      "VK_KHR_display"
    ],
    "enabledLayerCount": 0,
    "result": "VK_SUCCESS (0)"
  },
  "vkEnumeratePhysicalDevices": "VK_SUCCESS (0)",
  "physicalDevices": [
    {
      "deviceName": "PS5 AGC GPU (ps5vk experimental extensions)",
      "apiVersion": {
        "raw": "0x401000",
        "decoded": "1.1.0"
      },
      "driverVersion": "0x2000",
      "vendorID": "0x1002",
      "deviceID": "0x0",
      "deviceType": "INTEGRATED_GPU",
      "pipelineCacheUUID": "707335766b2d6e6f2d63616368652d31",
      "vkEnumerateDeviceExtensionProperties": "VK_SUCCESS (0)",
      "deviceExtensions": [
        {
          "name": "VK_KHR_bind_memory2",
          "specVersion": 1
        },
        {
          "name": "VK_KHR_descriptor_update_template",
          "specVersion": 1
        },
        {
          "name": "VK_KHR_device_group",
          "specVersion": 4
        },
        {
          "name": "VK_KHR_driver_properties",
          "specVersion": 1
        },
        {
          "name": "VK_KHR_global_priority",
          "specVersion": 1
        },
        {
          "name": "VK_KHR_maintenance3",
          "specVersion": 1
        },
        {
          "name": "VK_KHR_map_memory2",
          "specVersion": 1
        },
        {
          "name": "VK_KHR_multiview",
          "specVersion": 1
        },
        {
          "name": "VK_KHR_push_descriptor",
          "specVersion": 2
        },
        {
          "name": "VK_KHR_sampler_mirror_clamp_to_edge",
          "specVersion": 3
        },
        {
          "name": "VK_KHR_shader_draw_parameters",
          "specVersion": 1
        },
        {
          "name": "VK_KHR_shader_float_controls",
          "specVersion": 4
        },
        {
          "name": "VK_KHR_storage_buffer_storage_class",
          "specVersion": 1
        },
        {
          "name": "VK_KHR_swapchain",
          "specVersion": 70
        },
        {
          "name": "VK_KHR_synchronization2",
          "specVersion": 1
        },
        {
          "name": "VK_KHR_timeline_semaphore",
          "specVersion": 2
        },
        {
          "name": "VK_KHR_variable_pointers",
          "specVersion": 1
        },
        {
          "name": "VK_EXT_host_query_reset",
          "specVersion": 1
        },
        {
          "name": "VK_EXT_pipeline_creation_cache_control",
          "specVersion": 3
        },
        {
          "name": "VK_EXT_private_data",
          "specVersion": 1
        },
        {
          "name": "VK_EXT_shader_demote_to_helper_invocation",
          "specVersion": 1
        },
        {
          "name": "VK_EXT_vertex_attribute_divisor",
          "specVersion": 3
        }
      ],
      "features10": {
        "robustBufferAccess": true,
        "fullDrawIndexUint32": false,
        "imageCubeArray": true,
        "independentBlend": true,
        "geometryShader": false,
        "tessellationShader": false,
        "sampleRateShading": true,
        "dualSrcBlend": false,
        "logicOp": false,
        "multiDrawIndirect": false,
        "drawIndirectFirstInstance": true,
        "depthClamp": true,
        "depthBiasClamp": false,
        "fillModeNonSolid": false,
        "depthBounds": false,
        "wideLines": false,
        "largePoints": true,
        "alphaToOne": false,
        "multiViewport": false,
        "samplerAnisotropy": true,
        "textureCompressionETC2": false,
        "textureCompressionASTC_LDR": false,
        "textureCompressionBC": false,
        "occlusionQueryPrecise": false,
        "pipelineStatisticsQuery": false,
        "vertexPipelineStoresAndAtomics": true,
        "fragmentStoresAndAtomics": true,
        "shaderTessellationAndGeometryPointSize": false,
        "shaderImageGatherExtended": true,
        "shaderStorageImageExtendedFormats": false,
        "shaderStorageImageMultisample": false,
        "shaderStorageImageReadWithoutFormat": false,
        "shaderStorageImageWriteWithoutFormat": true,
        "shaderUniformBufferArrayDynamicIndexing": false,
        "shaderSampledImageArrayDynamicIndexing": false,
        "shaderStorageBufferArrayDynamicIndexing": false,
        "shaderStorageImageArrayDynamicIndexing": false,
        "shaderClipDistance": false,
        "shaderCullDistance": false,
        "shaderFloat64": false,
        "shaderInt64": false,
        "shaderInt16": false,
        "shaderResourceResidency": false,
        "shaderResourceMinLod": false,
        "sparseBinding": false,
        "sparseResidencyBuffer": false,
        "sparseResidencyImage2D": false,
        "sparseResidencyImage3D": false,
        "sparseResidency2Samples": false,
        "sparseResidency4Samples": false,
        "sparseResidency8Samples": false,
        "sparseResidency16Samples": false,
        "sparseResidencyAliased": false,
        "variableMultisampleRate": false,
        "inheritedQueries": false
      },
      "features2": {
        "used": true,
        "chained": [
        ],
        "note": "1.1: base structure only; the per-feature 1.1 structures are not chained"
      },
      "limits": {
        "maxImageDimension1D": 4096,
        "maxImageDimension2D": 4096,
        "maxImageDimension3D": 256,
        "maxImageDimensionCube": 4096,
        "maxImageArrayLayers": 256,
        "maxTexelBufferElements": 65536,
        "maxUniformBufferRange": 65536,
        "maxStorageBufferRange": 134217728,
        "maxPushConstantsSize": 256,
        "maxMemoryAllocationCount": 4096,
        "maxSamplerAllocationCount": 4000,
        "maxBoundDescriptorSets": 7,
        "maxPerStageDescriptorSamplers": 16,
        "maxPerStageDescriptorUniformBuffers": 12,
        "maxPerStageDescriptorStorageBuffers": 4,
        "maxPerStageDescriptorSampledImages": 16,
        "maxPerStageDescriptorStorageImages": 4,
        "maxPerStageDescriptorInputAttachments": 4,
        "maxPerStageResources": 48,
        "maxDescriptorSetSamplers": 48,
        "maxDescriptorSetUniformBuffers": 36,
        "maxDescriptorSetUniformBuffersDynamic": 8,
        "maxDescriptorSetStorageBuffers": 12,
        "maxDescriptorSetStorageBuffersDynamic": 4,
        "maxDescriptorSetSampledImages": 48,
        "maxDescriptorSetStorageImages": 12,
        "maxDescriptorSetInputAttachments": 4,
        "maxVertexInputAttributes": 16,
        "maxVertexInputBindings": 16,
        "maxVertexInputAttributeOffset": 2047,
        "maxVertexInputBindingStride": 2048,
        "maxVertexOutputComponents": 64,
        "maxTessellationGenerationLevel": 0,
        "maxTessellationPatchSize": 0,
        "maxTessellationControlPerVertexInputComponents": 0,
        "maxTessellationControlPerVertexOutputComponents": 0,
        "maxTessellationControlPerPatchOutputComponents": 0,
        "maxTessellationControlTotalOutputComponents": 0,
        "maxTessellationEvaluationInputComponents": 0,
        "maxTessellationEvaluationOutputComponents": 0,
        "maxGeometryShaderInvocations": 0,
        "maxGeometryInputComponents": 0,
        "maxGeometryOutputComponents": 0,
        "maxGeometryOutputVertices": 0,
        "maxGeometryTotalOutputComponents": 0,
        "maxFragmentInputComponents": 64,
        "maxFragmentOutputAttachments": 8,
        "maxFragmentDualSrcAttachments": 0,
        "maxFragmentCombinedOutputResources": 16,
        "maxComputeSharedMemorySize": 16384,
        "maxComputeWorkGroupInvocations": 128,
        "subPixelPrecisionBits": 4,
        "subTexelPrecisionBits": 4,
        "mipmapPrecisionBits": 4,
        "maxDrawIndexedIndexValue": 16777215,
        "maxDrawIndirectCount": 1,
        "maxViewports": 1,
        "viewportSubPixelBits": 0,
        "maxTexelGatherOffset": 7,
        "subPixelInterpolationOffsetBits": 4,
        "maxFramebufferWidth": 4096,
        "maxFramebufferHeight": 4096,
        "maxFramebufferLayers": 256,
        "maxColorAttachments": 8,
        "maxSampleMaskWords": 1,
        "maxClipDistances": 0,
        "maxCullDistances": 0,
        "maxCombinedClipAndCullDistances": 0,
        "discreteQueuePriorities": 2,
        "maxTexelOffset": 7,
        "bufferImageGranularity": 131072,
        "sparseAddressSpaceSize": 0,
        "minMemoryMapAlignment": 4096,
        "minTexelBufferOffsetAlignment": 256,
        "minUniformBufferOffsetAlignment": 256,
        "minStorageBufferOffsetAlignment": 256,
        "optimalBufferCopyOffsetAlignment": 1,
        "optimalBufferCopyRowPitchAlignment": 1,
        "nonCoherentAtomSize": 256,
        "minTexelOffset": -8,
        "minTexelGatherOffset": -8,
        "maxSamplerLodBias": 2,
        "maxSamplerAnisotropy": 16,
        "minInterpolationOffset": -0.5,
        "maxInterpolationOffset": 0.4375,
        "timestampPeriod": 10,
        "pointSizeGranularity": 0.125,
        "lineWidthGranularity": 0,
        "framebufferColorSampleCounts": "0x5",
        "framebufferDepthSampleCounts": "0x5",
        "framebufferStencilSampleCounts": "0x5",
        "framebufferNoAttachmentsSampleCounts": "0x5",
        "sampledImageColorSampleCounts": "0x5",
        "sampledImageIntegerSampleCounts": "0x1",
        "sampledImageDepthSampleCounts": "0x5",
        "sampledImageStencilSampleCounts": "0x5",
        "storageImageSampleCounts": "0x1",
        "timestampComputeAndGraphics": true,
        "strictLines": false,
        "standardSampleLocations": false,
        "maxComputeWorkGroupCount": [
          65535,
          65535,
          65535
        ],
        "maxComputeWorkGroupSize": [
          128,
          128,
          64
        ],
        "maxViewportDimensions": [
          4096,
          4096
        ],
        "viewportBoundsRange": [
          -8192,
          8191
        ],
        "pointSizeRange": [
          1,
          255.875
        ],
        "lineWidthRange": [
          1,
          1
        ]
      },
      "sparseProperties": {
        "residencyStandard2DBlockShape": false,
        "residencyStandard2DMultisampleBlockShape": false,
        "residencyStandard3DBlockShape": false,
        "residencyAlignedMipSize": false,
        "residencyNonResidentStrict": false
      },
      "memory": {
        "heaps": [
          {
            "size": 4294967296,
            "flags": "0x1"
          }
        ],
        "types": [
          {
            "heapIndex": 0,
            "propertyFlags": "0x7"
          }
        ]
      },
      "queueFamilies": [
        {
          "index": 0,
          "queueFlags": "0x7",
          "graphics": true,
          "compute": true,
          "transfer": true,
          "queueCount": 1,
          "timestampValidBits": 64,
          "minImageTransferGranularityWidth": 1,
          "minImageTransferGranularityHeight": 1,
          "minImageTransferGranularityDepth": 1
        },
        {
          "index": 1,
          "queueFlags": "0x4",
          "graphics": false,
          "compute": false,
          "transfer": true,
          "queueCount": 1,
          "timestampValidBits": 0,
          "minImageTransferGranularityWidth": 1,
          "minImageTransferGranularityHeight": 1,
          "minImageTransferGranularityDepth": 1
        }
      ],
      "formats": {
        "R8G8B8A8_UNORM": {
          "vkFormat": 37,
          "linearTilingFeatures": {
            "raw": "0x0",
            "bits": [
            ]
          },
          "optimalTilingFeatures": {
            "raw": "0xdd83",
            "bits": [
              "SAMPLED_IMAGE",
              "STORAGE_IMAGE",
              "COLOR_ATTACHMENT",
              "COLOR_ATTACHMENT_BLEND",
              "BLIT_SRC",
              "BLIT_DST",
              "SAMPLED_IMAGE_FILTER_LINEAR",
              "TRANSFER_SRC",
              "TRANSFER_DST"
            ]
          },
          "bufferFeatures": {
            "raw": "0x58",
            "bits": [
              "UNIFORM_TEXEL_BUFFER",
              "STORAGE_TEXEL_BUFFER",
              "VERTEX_BUFFER"
            ]
          }
        },
        "R8G8B8A8_SRGB": {
          "vkFormat": 43,
          "linearTilingFeatures": {
            "raw": "0x0",
            "bits": [
            ]
          },
          "optimalTilingFeatures": {
            "raw": "0xdd81",
            "bits": [
              "SAMPLED_IMAGE",
              "COLOR_ATTACHMENT",
              "COLOR_ATTACHMENT_BLEND",
              "BLIT_SRC",
              "BLIT_DST",
              "SAMPLED_IMAGE_FILTER_LINEAR",
              "TRANSFER_SRC",
              "TRANSFER_DST"
            ]
          },
          "bufferFeatures": {
            "raw": "0x0",
            "bits": [
            ]
          }
        },
        "R8G8B8A8_SNORM": {
          "vkFormat": 38,
          "linearTilingFeatures": {
            "raw": "0x0",
            "bits": [
            ]
          },
          "optimalTilingFeatures": {
            "raw": "0xd403",
            "bits": [
              "SAMPLED_IMAGE",
              "STORAGE_IMAGE",
              "BLIT_SRC",
              "SAMPLED_IMAGE_FILTER_LINEAR",
              "TRANSFER_SRC",
              "TRANSFER_DST"
            ]
          },
          "bufferFeatures": {
            "raw": "0x58",
            "bits": [
              "UNIFORM_TEXEL_BUFFER",
              "STORAGE_TEXEL_BUFFER",
              "VERTEX_BUFFER"
            ]
          }
        },
        "R8G8B8A8_UINT": {
          "vkFormat": 41,
          "linearTilingFeatures": {
            "raw": "0x0",
            "bits": [
            ]
          },
          "optimalTilingFeatures": {
            "raw": "0xcc83",
            "bits": [
              "SAMPLED_IMAGE",
              "STORAGE_IMAGE",
              "COLOR_ATTACHMENT",
              "BLIT_SRC",
              "BLIT_DST",
              "TRANSFER_SRC",
              "TRANSFER_DST"
            ]
          },
          "bufferFeatures": {
            "raw": "0x58",
            "bits": [
              "UNIFORM_TEXEL_BUFFER",
              "STORAGE_TEXEL_BUFFER",
              "VERTEX_BUFFER"
            ]
          }
        },
        "B8G8R8A8_UNORM": {
          "vkFormat": 44,
          "linearTilingFeatures": {
            "raw": "0x0",
            "bits": [
            ]
          },
          "optimalTilingFeatures": {
            "raw": "0xdd81",
            "bits": [
              "SAMPLED_IMAGE",
              "COLOR_ATTACHMENT",
              "COLOR_ATTACHMENT_BLEND",
              "BLIT_SRC",
              "BLIT_DST",
              "SAMPLED_IMAGE_FILTER_LINEAR",
              "TRANSFER_SRC",
              "TRANSFER_DST"
            ]
          },
          "bufferFeatures": {
            "raw": "0x48",
            "bits": [
              "UNIFORM_TEXEL_BUFFER",
              "VERTEX_BUFFER"
            ]
          }
        },
        "B8G8R8A8_SRGB": {
          "vkFormat": 50,
          "linearTilingFeatures": {
            "raw": "0x0",
            "bits": [
            ]
          },
          "optimalTilingFeatures": {
            "raw": "0xdd81",
            "bits": [
              "SAMPLED_IMAGE",
              "COLOR_ATTACHMENT",
              "COLOR_ATTACHMENT_BLEND",
              "BLIT_SRC",
              "BLIT_DST",
              "SAMPLED_IMAGE_FILTER_LINEAR",
              "TRANSFER_SRC",
              "TRANSFER_DST"
            ]
          },
          "bufferFeatures": {
            "raw": "0x0",
            "bits": [
            ]
          }
        },
        "A2B10G10R10_UNORM_PACK32": {
          "vkFormat": 64,
          "linearTilingFeatures": {
            "raw": "0x0",
            "bits": [
            ]
          },
          "optimalTilingFeatures": {
            "raw": "0xdd83",
            "bits": [
              "SAMPLED_IMAGE",
              "STORAGE_IMAGE",
              "COLOR_ATTACHMENT",
              "COLOR_ATTACHMENT_BLEND",
              "BLIT_SRC",
              "BLIT_DST",
              "SAMPLED_IMAGE_FILTER_LINEAR",
              "TRANSFER_SRC",
              "TRANSFER_DST"
            ]
          },
          "bufferFeatures": {
            "raw": "0x48",
            "bits": [
              "UNIFORM_TEXEL_BUFFER",
              "VERTEX_BUFFER"
            ]
          }
        },
        "A2R10G10B10_UNORM_PACK32": {
          "vkFormat": 58,
          "linearTilingFeatures": {
            "raw": "0x0",
            "bits": [
            ]
          },
          "optimalTilingFeatures": {
            "raw": "0x0",
            "bits": [
            ]
          },
          "bufferFeatures": {
            "raw": "0x0",
            "bits": [
            ]
          }
        },
        "B10G11R11_UFLOAT_PACK32": {
          "vkFormat": 122,
          "linearTilingFeatures": {
            "raw": "0x0",
            "bits": [
            ]
          },
          "optimalTilingFeatures": {
            "raw": "0xd403",
            "bits": [
              "SAMPLED_IMAGE",
              "STORAGE_IMAGE",
              "BLIT_SRC",
              "SAMPLED_IMAGE_FILTER_LINEAR",
              "TRANSFER_SRC",
              "TRANSFER_DST"
            ]
          },
          "bufferFeatures": {
            "raw": "0x8",
            "bits": [
              "UNIFORM_TEXEL_BUFFER"
            ]
          }
        },
        "R5G6B5_UNORM_PACK16": {
          "vkFormat": 4,
          "linearTilingFeatures": {
            "raw": "0x0",
            "bits": [
            ]
          },
          "optimalTilingFeatures": {
            "raw": "0xdd81",
            "bits": [
              "SAMPLED_IMAGE",
              "COLOR_ATTACHMENT",
              "COLOR_ATTACHMENT_BLEND",
              "BLIT_SRC",
              "BLIT_DST",
              "SAMPLED_IMAGE_FILTER_LINEAR",
              "TRANSFER_SRC",
              "TRANSFER_DST"
            ]
          },
          "bufferFeatures": {
            "raw": "0x0",
            "bits": [
            ]
          }
        },
        "B5G6R5_UNORM_PACK16": {
          "vkFormat": 5,
          "linearTilingFeatures": {
            "raw": "0x0",
            "bits": [
            ]
          },
          "optimalTilingFeatures": {
            "raw": "0x0",
            "bits": [
            ]
          },
          "bufferFeatures": {
            "raw": "0x0",
            "bits": [
            ]
          }
        },
        "A1R5G5B5_UNORM_PACK16": {
          "vkFormat": 8,
          "linearTilingFeatures": {
            "raw": "0x0",
            "bits": [
            ]
          },
          "optimalTilingFeatures": {
            "raw": "0xdd81",
            "bits": [
              "SAMPLED_IMAGE",
              "COLOR_ATTACHMENT",
              "COLOR_ATTACHMENT_BLEND",
              "BLIT_SRC",
              "BLIT_DST",
              "SAMPLED_IMAGE_FILTER_LINEAR",
              "TRANSFER_SRC",
              "TRANSFER_DST"
            ]
          },
          "bufferFeatures": {
            "raw": "0x0",
            "bits": [
            ]
          }
        },
        "R4G4B4A4_UNORM_PACK16": {
          "vkFormat": 2,
          "linearTilingFeatures": {
            "raw": "0x0",
            "bits": [
            ]
          },
          "optimalTilingFeatures": {
            "raw": "0x0",
            "bits": [
            ]
          },
          "bufferFeatures": {
            "raw": "0x0",
            "bits": [
            ]
          }
        },
        "R8_UNORM": {
          "vkFormat": 9,
          "linearTilingFeatures": {
            "raw": "0x0",
            "bits": [
            ]
          },
          "optimalTilingFeatures": {
            "raw": "0xdd83",
            "bits": [
              "SAMPLED_IMAGE",
              "STORAGE_IMAGE",
              "COLOR_ATTACHMENT",
              "COLOR_ATTACHMENT_BLEND",
              "BLIT_SRC",
              "BLIT_DST",
              "SAMPLED_IMAGE_FILTER_LINEAR",
              "TRANSFER_SRC",
              "TRANSFER_DST"
            ]
          },
          "bufferFeatures": {
            "raw": "0x48",
            "bits": [
              "UNIFORM_TEXEL_BUFFER",
              "VERTEX_BUFFER"
            ]
          }
        },
        "R8G8_UNORM": {
          "vkFormat": 16,
          "linearTilingFeatures": {
            "raw": "0x0",
            "bits": [
            ]
          },
          "optimalTilingFeatures": {
            "raw": "0xdd83",
            "bits": [
              "SAMPLED_IMAGE",
              "STORAGE_IMAGE",
              "COLOR_ATTACHMENT",
              "COLOR_ATTACHMENT_BLEND",
              "BLIT_SRC",
              "BLIT_DST",
              "SAMPLED_IMAGE_FILTER_LINEAR",
              "TRANSFER_SRC",
              "TRANSFER_DST"
            ]
          },
          "bufferFeatures": {
            "raw": "0x48",
            "bits": [
              "UNIFORM_TEXEL_BUFFER",
              "VERTEX_BUFFER"
            ]
          }
        },
        "R16_UNORM": {
          "vkFormat": 70,
          "linearTilingFeatures": {
            "raw": "0x0",
            "bits": [
            ]
          },
          "optimalTilingFeatures": {
            "raw": "0xdc03",
            "bits": [
              "SAMPLED_IMAGE",
              "STORAGE_IMAGE",
              "BLIT_SRC",
              "BLIT_DST",
              "SAMPLED_IMAGE_FILTER_LINEAR",
              "TRANSFER_SRC",
              "TRANSFER_DST"
            ]
          },
          "bufferFeatures": {
            "raw": "0x40",
            "bits": [
              "VERTEX_BUFFER"
            ]
          }
        },
        "R16G16_UNORM": {
          "vkFormat": 77,
          "linearTilingFeatures": {
            "raw": "0x0",
            "bits": [
            ]
          },
          "optimalTilingFeatures": {
            "raw": "0xdc03",
            "bits": [
              "SAMPLED_IMAGE",
              "STORAGE_IMAGE",
              "BLIT_SRC",
              "BLIT_DST",
              "SAMPLED_IMAGE_FILTER_LINEAR",
              "TRANSFER_SRC",
              "TRANSFER_DST"
            ]
          },
          "bufferFeatures": {
            "raw": "0x40",
            "bits": [
              "VERTEX_BUFFER"
            ]
          }
        },
        "R16G16_SNORM": {
          "vkFormat": 78,
          "linearTilingFeatures": {
            "raw": "0x0",
            "bits": [
            ]
          },
          "optimalTilingFeatures": {
            "raw": "0x2",
            "bits": [
              "STORAGE_IMAGE"
            ]
          },
          "bufferFeatures": {
            "raw": "0x40",
            "bits": [
              "VERTEX_BUFFER"
            ]
          }
        },
        "R16G16B16A16_UNORM": {
          "vkFormat": 91,
          "linearTilingFeatures": {
            "raw": "0x0",
            "bits": [
            ]
          },
          "optimalTilingFeatures": {
            "raw": "0xdc03",
            "bits": [
              "SAMPLED_IMAGE",
              "STORAGE_IMAGE",
              "BLIT_SRC",
              "BLIT_DST",
              "SAMPLED_IMAGE_FILTER_LINEAR",
              "TRANSFER_SRC",
              "TRANSFER_DST"
            ]
          },
          "bufferFeatures": {
            "raw": "0x40",
            "bits": [
              "VERTEX_BUFFER"
            ]
          }
        },
        "R16_SFLOAT": {
          "vkFormat": 76,
          "linearTilingFeatures": {
            "raw": "0x0",
            "bits": [
            ]
          },
          "optimalTilingFeatures": {
            "raw": "0xdd83",
            "bits": [
              "SAMPLED_IMAGE",
              "STORAGE_IMAGE",
              "COLOR_ATTACHMENT",
              "COLOR_ATTACHMENT_BLEND",
              "BLIT_SRC",
              "BLIT_DST",
              "SAMPLED_IMAGE_FILTER_LINEAR",
              "TRANSFER_SRC",
              "TRANSFER_DST"
            ]
          },
          "bufferFeatures": {
            "raw": "0x48",
            "bits": [
              "UNIFORM_TEXEL_BUFFER",
              "VERTEX_BUFFER"
            ]
          }
        },
        "R16G16_SFLOAT": {
          "vkFormat": 83,
          "linearTilingFeatures": {
            "raw": "0x0",
            "bits": [
            ]
          },
          "optimalTilingFeatures": {
            "raw": "0xdd83",
            "bits": [
              "SAMPLED_IMAGE",
              "STORAGE_IMAGE",
              "COLOR_ATTACHMENT",
              "COLOR_ATTACHMENT_BLEND",
              "BLIT_SRC",
              "BLIT_DST",
              "SAMPLED_IMAGE_FILTER_LINEAR",
              "TRANSFER_SRC",
              "TRANSFER_DST"
            ]
          },
          "bufferFeatures": {
            "raw": "0x48",
            "bits": [
              "UNIFORM_TEXEL_BUFFER",
              "VERTEX_BUFFER"
            ]
          }
        },
        "R16G16B16A16_SFLOAT": {
          "vkFormat": 97,
          "linearTilingFeatures": {
            "raw": "0x0",
            "bits": [
            ]
          },
          "optimalTilingFeatures": {
            "raw": "0xdd83",
            "bits": [
              "SAMPLED_IMAGE",
              "STORAGE_IMAGE",
              "COLOR_ATTACHMENT",
              "COLOR_ATTACHMENT_BLEND",
              "BLIT_SRC",
              "BLIT_DST",
              "SAMPLED_IMAGE_FILTER_LINEAR",
              "TRANSFER_SRC",
              "TRANSFER_DST"
            ]
          },
          "bufferFeatures": {
            "raw": "0x58",
            "bits": [
              "UNIFORM_TEXEL_BUFFER",
              "STORAGE_TEXEL_BUFFER",
              "VERTEX_BUFFER"
            ]
          }
        },
        "R32_UINT": {
          "vkFormat": 98,
          "linearTilingFeatures": {
            "raw": "0x0",
            "bits": [
            ]
          },
          "optimalTilingFeatures": {
            "raw": "0xcc87",
            "bits": [
              "SAMPLED_IMAGE",
              "STORAGE_IMAGE",
              "STORAGE_IMAGE_ATOMIC",
              "COLOR_ATTACHMENT",
              "BLIT_SRC",
              "BLIT_DST",
              "TRANSFER_SRC",
              "TRANSFER_DST"
            ]
          },
          "bufferFeatures": {
            "raw": "0x58",
            "bits": [
              "UNIFORM_TEXEL_BUFFER",
              "STORAGE_TEXEL_BUFFER",
              "VERTEX_BUFFER"
            ]
          }
        },
        "R32_SFLOAT": {
          "vkFormat": 100,
          "linearTilingFeatures": {
            "raw": "0x0",
            "bits": [
            ]
          },
          "optimalTilingFeatures": {
            "raw": "0xdc03",
            "bits": [
              "SAMPLED_IMAGE",
              "STORAGE_IMAGE",
              "BLIT_SRC",
              "BLIT_DST",
              "SAMPLED_IMAGE_FILTER_LINEAR",
              "TRANSFER_SRC",
              "TRANSFER_DST"
            ]
          },
          "bufferFeatures": {
            "raw": "0x0",
            "bits": [
            ]
          }
        },
        "R32G32_SFLOAT": {
          "vkFormat": 103,
          "linearTilingFeatures": {
            "raw": "0x0",
            "bits": [
            ]
          },
          "optimalTilingFeatures": {
            "raw": "0xdc83",
            "bits": [
              "SAMPLED_IMAGE",
              "STORAGE_IMAGE",
              "COLOR_ATTACHMENT",
              "BLIT_SRC",
              "BLIT_DST",
              "SAMPLED_IMAGE_FILTER_LINEAR",
              "TRANSFER_SRC",
              "TRANSFER_DST"
            ]
          },
          "bufferFeatures": {
            "raw": "0x58",
            "bits": [
              "UNIFORM_TEXEL_BUFFER",
              "STORAGE_TEXEL_BUFFER",
              "VERTEX_BUFFER"
            ]
          }
        },
        "R32G32B32_SFLOAT": {
          "vkFormat": 106,
          "linearTilingFeatures": {
            "raw": "0x0",
            "bits": [
            ]
          },
          "optimalTilingFeatures": {
            "raw": "0x0",
            "bits": [
            ]
          },
          "bufferFeatures": {
            "raw": "0x40",
            "bits": [
              "VERTEX_BUFFER"
            ]
          }
        },
        "R32G32B32A32_SFLOAT": {
          "vkFormat": 109,
          "linearTilingFeatures": {
            "raw": "0x0",
            "bits": [
            ]
          },
          "optimalTilingFeatures": {
            "raw": "0xdc83",
            "bits": [
              "SAMPLED_IMAGE",
              "STORAGE_IMAGE",
              "COLOR_ATTACHMENT",
              "BLIT_SRC",
              "BLIT_DST",
              "SAMPLED_IMAGE_FILTER_LINEAR",
              "TRANSFER_SRC",
              "TRANSFER_DST"
            ]
          },
          "bufferFeatures": {
            "raw": "0x58",
            "bits": [
              "UNIFORM_TEXEL_BUFFER",
              "STORAGE_TEXEL_BUFFER",
              "VERTEX_BUFFER"
            ]
          }
        },
        "D16_UNORM": {
          "vkFormat": 124,
          "linearTilingFeatures": {
            "raw": "0x0",
            "bits": [
            ]
          },
          "optimalTilingFeatures": {
            "raw": "0xc601",
            "bits": [
              "SAMPLED_IMAGE",
              "DEPTH_STENCIL_ATTACHMENT",
              "BLIT_SRC",
              "TRANSFER_SRC",
              "TRANSFER_DST"
            ]
          },
          "bufferFeatures": {
            "raw": "0x0",
            "bits": [
            ]
          }
        },
        "X8_D24_UNORM_PACK32": {
          "vkFormat": 125,
          "linearTilingFeatures": {
            "raw": "0x0",
            "bits": [
            ]
          },
          "optimalTilingFeatures": {
            "raw": "0x0",
            "bits": [
            ]
          },
          "bufferFeatures": {
            "raw": "0x0",
            "bits": [
            ]
          }
        },
        "D24_UNORM_S8_UINT": {
          "vkFormat": 129,
          "linearTilingFeatures": {
            "raw": "0x0",
            "bits": [
            ]
          },
          "optimalTilingFeatures": {
            "raw": "0xc200",
            "bits": [
              "DEPTH_STENCIL_ATTACHMENT",
              "TRANSFER_SRC",
              "TRANSFER_DST"
            ]
          },
          "bufferFeatures": {
            "raw": "0x0",
            "bits": [
            ]
          }
        },
        "D32_SFLOAT": {
          "vkFormat": 126,
          "linearTilingFeatures": {
            "raw": "0x0",
            "bits": [
            ]
          },
          "optimalTilingFeatures": {
            "raw": "0xc601",
            "bits": [
              "SAMPLED_IMAGE",
              "DEPTH_STENCIL_ATTACHMENT",
              "BLIT_SRC",
              "TRANSFER_SRC",
              "TRANSFER_DST"
            ]
          },
          "bufferFeatures": {
            "raw": "0x0",
            "bits": [
            ]
          }
        },
        "D32_SFLOAT_S8_UINT": {
          "vkFormat": 130,
          "linearTilingFeatures": {
            "raw": "0x0",
            "bits": [
            ]
          },
          "optimalTilingFeatures": {
            "raw": "0xc201",
            "bits": [
              "SAMPLED_IMAGE",
              "DEPTH_STENCIL_ATTACHMENT",
              "TRANSFER_SRC",
              "TRANSFER_DST"
            ]
          },
          "bufferFeatures": {
            "raw": "0x0",
            "bits": [
            ]
          }
        },
        "S8_UINT": {
          "vkFormat": 127,
          "linearTilingFeatures": {
            "raw": "0x0",
            "bits": [
            ]
          },
          "optimalTilingFeatures": {
            "raw": "0x0",
            "bits": [
            ]
          },
          "bufferFeatures": {
            "raw": "0x0",
            "bits": [
            ]
          }
        },
        "BC1_RGB_UNORM_BLOCK": {
          "vkFormat": 131,
          "linearTilingFeatures": {
            "raw": "0x0",
            "bits": [
            ]
          },
          "optimalTilingFeatures": {
            "raw": "0xd001",
            "bits": [
              "SAMPLED_IMAGE",
              "SAMPLED_IMAGE_FILTER_LINEAR",
              "TRANSFER_SRC",
              "TRANSFER_DST"
            ]
          },
          "bufferFeatures": {
            "raw": "0x0",
            "bits": [
            ]
          }
        },
        "BC1_RGBA_UNORM_BLOCK": {
          "vkFormat": 133,
          "linearTilingFeatures": {
            "raw": "0x0",
            "bits": [
            ]
          },
          "optimalTilingFeatures": {
            "raw": "0xd001",
            "bits": [
              "SAMPLED_IMAGE",
              "SAMPLED_IMAGE_FILTER_LINEAR",
              "TRANSFER_SRC",
              "TRANSFER_DST"
            ]
          },
          "bufferFeatures": {
            "raw": "0x0",
            "bits": [
            ]
          }
        },
        "BC1_RGBA_SRGB_BLOCK": {
          "vkFormat": 134,
          "linearTilingFeatures": {
            "raw": "0x0",
            "bits": [
            ]
          },
          "optimalTilingFeatures": {
            "raw": "0xd001",
            "bits": [
              "SAMPLED_IMAGE",
              "SAMPLED_IMAGE_FILTER_LINEAR",
              "TRANSFER_SRC",
              "TRANSFER_DST"
            ]
          },
          "bufferFeatures": {
            "raw": "0x0",
            "bits": [
            ]
          }
        },
        "BC2_UNORM_BLOCK": {
          "vkFormat": 135,
          "linearTilingFeatures": {
            "raw": "0x0",
            "bits": [
            ]
          },
          "optimalTilingFeatures": {
            "raw": "0xd001",
            "bits": [
              "SAMPLED_IMAGE",
              "SAMPLED_IMAGE_FILTER_LINEAR",
              "TRANSFER_SRC",
              "TRANSFER_DST"
            ]
          },
          "bufferFeatures": {
            "raw": "0x0",
            "bits": [
            ]
          }
        },
        "BC3_UNORM_BLOCK": {
          "vkFormat": 137,
          "linearTilingFeatures": {
            "raw": "0x0",
            "bits": [
            ]
          },
          "optimalTilingFeatures": {
            "raw": "0xd001",
            "bits": [
              "SAMPLED_IMAGE",
              "SAMPLED_IMAGE_FILTER_LINEAR",
              "TRANSFER_SRC",
              "TRANSFER_DST"
            ]
          },
          "bufferFeatures": {
            "raw": "0x0",
            "bits": [
            ]
          }
        },
        "BC3_SRGB_BLOCK": {
          "vkFormat": 138,
          "linearTilingFeatures": {
            "raw": "0x0",
            "bits": [
            ]
          },
          "optimalTilingFeatures": {
            "raw": "0xd001",
            "bits": [
              "SAMPLED_IMAGE",
              "SAMPLED_IMAGE_FILTER_LINEAR",
              "TRANSFER_SRC",
              "TRANSFER_DST"
            ]
          },
          "bufferFeatures": {
            "raw": "0x0",
            "bits": [
            ]
          }
        },
        "BC4_UNORM_BLOCK": {
          "vkFormat": 139,
          "linearTilingFeatures": {
            "raw": "0x0",
            "bits": [
            ]
          },
          "optimalTilingFeatures": {
            "raw": "0xd001",
            "bits": [
              "SAMPLED_IMAGE",
              "SAMPLED_IMAGE_FILTER_LINEAR",
              "TRANSFER_SRC",
              "TRANSFER_DST"
            ]
          },
          "bufferFeatures": {
            "raw": "0x0",
            "bits": [
            ]
          }
        },
        "BC5_UNORM_BLOCK": {
          "vkFormat": 141,
          "linearTilingFeatures": {
            "raw": "0x0",
            "bits": [
            ]
          },
          "optimalTilingFeatures": {
            "raw": "0xd001",
            "bits": [
              "SAMPLED_IMAGE",
              "SAMPLED_IMAGE_FILTER_LINEAR",
              "TRANSFER_SRC",
              "TRANSFER_DST"
            ]
          },
          "bufferFeatures": {
            "raw": "0x0",
            "bits": [
            ]
          }
        },
        "BC7_UNORM_BLOCK": {
          "vkFormat": 145,
          "linearTilingFeatures": {
            "raw": "0x0",
            "bits": [
            ]
          },
          "optimalTilingFeatures": {
            "raw": "0xd001",
            "bits": [
              "SAMPLED_IMAGE",
              "SAMPLED_IMAGE_FILTER_LINEAR",
              "TRANSFER_SRC",
              "TRANSFER_DST"
            ]
          },
          "bufferFeatures": {
            "raw": "0x0",
            "bits": [
            ]
          }
        }
      },
      "presentation": {
        "wsi_path": "VK_KHR_surface + VK_KHR_display (PS5_Vulkan driver/ps5vk_wsi.c: VideoOut)",
        "vkGetPhysicalDeviceDisplayPropertiesKHR": "VK_SUCCESS (0)",
        "displays": [
          {
            "displayName": "PS5 VideoOut",
            "physicalWidth": 0,
            "physicalHeight": 0,
            "resolutionWidth": 3840,
            "resolutionHeight": 2160,
            "supportedTransforms": "0x1",
            "planeReorderPossible": false,
            "persistentContent": false,
            "vkGetDisplayModePropertiesKHR": "VK_SUCCESS (0)",
            "modes": [
              {
                "width": 3840,
                "height": 2160,
                "refreshRate_mHz": 60000
              }
            ]
          }
        ],
        "vkGetPhysicalDeviceDisplayPlanePropertiesKHR": "VK_SUCCESS (0)",
        "planeCount": 1,
        "vkCreateDisplayPlaneSurfaceKHR": "VK_SUCCESS (0)",
        "surfacePlaneIndex": 0,
        "queueFamilySupportsPresent": [
          {
            "queueFamily": 0,
            "result": "VK_SUCCESS (0)",
            "supported": true
          },
          {
            "queueFamily": 1,
            "result": "VK_SUCCESS (0)",
            "supported": false
          }
        ],
        "surfaceCapabilities": {
          "result": "VK_SUCCESS (0)",
          "minImageCount": 1,
          "maxImageCount": 2,
          "currentExtentWidth": 3840,
          "currentExtentHeight": 2160,
          "maxImageArrayLayers": 1,
          "supportedTransforms": "0x1",
          "supportedCompositeAlpha": "0x1",
          "supportedUsageFlags": "0x12"
        },
        "surfaceFormats": [
          {
            "format": 44,
            "colorSpace": 0
          }
        ],
        "presentModes": [
          2
        ],
        "available": true
      }
    }
  ]
}
RCOMP-TITLE end status=0
